// Jest Snapshot v1, https://goo.gl/fbAQLP

exports[`App should match snapshot 1`] = `
<div
  className="sc-kfYoZR dgOBhr"
>
  <div
    className="sc-bCwfaz eIwwTq"
  >
    <div
      className="sc-fKgJPI eZmOPW"
    />
    <div
      className="sc-fKgJPI eZmOPW"
    />
  </div>
  <div
    className="sc-iwajpm dhxTMH"
  >
    <span
      className="sc-iCoGMd fHfgJB"
    >
      Accounts
    </span>
  </div>
</div>
`;
